// Jest Snapshot v1, https://goo.gl/fbAQLP

exports[`renders the Quote Page correctly 1`] = `
<div>
  <p>
    Mathematics is not about numbers, equations, computations, or algorithms: it is about understanding. â€“William Paul ThurstonHomeCalculatorQuote
  </p>
</div>
`;
